// Jest Snapshot v1, https://goo.gl/fbAQLP

exports[`should render expense item correctly 1`] = `
<div>
  <Link
    replace={false}
    to="/edit/1"
  >
    <h3>
      Rent
    </h3>
  </Link>
  <p>
    $1,250.00
    â€”
    January 1st, 1970
  </p>
</div>
`;
