// Jest Snapshot v1, https://goo.gl/fbAQLP

exports[`should render expense list with empty array 1`] = `
<div>
  <p>
    No expenses
  </p>
</div>
`;

exports[`should render expense list with expenses 1`] = `
<div>
  <ExpenseListItem
    amount={125000}
    createdAt={0}
    description="Rent"
    id="1"
    key="1"
    note=""
  />
  <ExpenseListItem
    amount={1000}
    createdAt={-345600000}
    description="Water bill"
    id="2"
    key="2"
    note=""
  />
  <ExpenseListItem
    amount={195}
    createdAt={345600000}
    description="Gum"
    id="3"
    key="3"
    note=""
  />
</div>
`;
