// Jest Snapshot v1, https://goo.gl/fbAQLP

exports[`should render Header correctly 1`] = `
<header
  className="header"
>
  <div
    className="content-container"
  >
    <div
      className="header__content"
    >
      <Link
        className="header__title"
        replace={false}
        to="/dashboard"
      >
        <h1
          className="header__heading"
        >
          Expensify
        </h1>
      </Link>
      <button
        className="button"
        onClick={[Function]}
      >
        Log Out
      </button>
    </div>
  </div>
  <Connect(LogoutModal)
    closeModal={[Function]}
    isModalOpen={false}
  />
</header>
`;
