// Jest Snapshot v1, https://goo.gl/fbAQLP

exports[`should render LoginPage correctly 1`] = `
<div
  className="box-layout"
>
  <div
    className="box-layout__box"
  >
    <h1
      className="box-layout__title"
    >
      Expensify App
    </h1>
    <p>
      Get your expenses under control.
    </p>
    <button
      className="button button--blue"
    >
      <img
        className="box-layout__google"
        src={Object {}}
      />
      Log in by Google
    </button>
  </div>
  <p
    className="box-layout__copyright"
  >
    Tbilisi's photo was taken by Giorgi Gvilava
  </p>
</div>
`;
